Freddy@Freddy-PC MINGW64 ~/Desktop/uagrm
$ git init
Initialized empty Git repository in C:/Users/Freddy/Desktop/uagrm/.git/

Freddy@Freddy-PC MINGW64 ~/Desktop/uagrm (master)
$ git status
On branch master

Initial commit

Untracked files:
  (use "git add <file>..." to include in what will be committed)

        wasspa.txt

nothing added to commit but untracked files present (use "git add" to track)

Freddy@Freddy-PC MINGW64 ~/Desktop/uagrm (master)
$ git add wasspa.txt

Freddy@Freddy-PC MINGW64 ~/Desktop/uagrm (master)
$ git status
On branch master

Initial commit

Changes to be committed:
  (use "git rm --cached <file>..." to unstage)

        new file:   wasspa.txt


Freddy@Freddy-PC MINGW64 ~/Desktop/uagrm (master)
$ git commit -m "nuevo archivo"

*** Please tell me who you are.

Run

  git config --global user.email "you@example.com"
  git config --global user.name "Your Name"

to set your account's default identity.
Omit --global to set the identity only in this repository.

fatal: empty ident name (for <(null)>) not allowed

Freddy@Freddy-PC MINGW64 ~/Desktop/uagrm (master)
$ git config --global user.email "sumi.freddy@gmail.com"

Freddy@Freddy-PC MINGW64 ~/Desktop/uagrm (master)
$ git config --global user.name "freddy"

Freddy@Freddy-PC MINGW64 ~/Desktop/uagrm (master)
$ git status
On branch master

Initial commit

Changes to be committed:
  (use "git rm --cached <file>..." to unstage)

        new file:   wasspa.txt


Freddy@Freddy-PC MINGW64 ~/Desktop/uagrm (master)
$ git commit -m "nuevo archivo"
[master (root-commit) ae6593b] nuevo archivo
 1 file changed, 5 insertions(+)
 create mode 100644 wasspa.txt

Freddy@Freddy-PC MINGW64 ~/Desktop/uagrm (master)
$ git status
On branch master
nothing to commit, working tree clean

Freddy@Freddy-PC MINGW64 ~/Desktop/uagrm (master)
$ history
    1  git init
    2  git status
    3  git add wasspa.txt
    4  git status
    5  git commit -m "nuevo archivo"
    6  git config --global user.email "sumi.freddy@gmail.com"
    7  git config --global user.name "freddy"
    8  git status
    9  git commit -m "nuevo archivo"
   10  git status
   11  history

Freddy@Freddy-PC MINGW64 ~/Desktop/uagrm (master)
$ git status
On branch master
Untracked files:
  (use "git add <file>..." to include in what will be committed)

        wasspa - copia (2).txt
        wasspa - copia (3).txt
        wasspa - copia.txt

nothing added to commit but untracked files present (use "git add" to track)

Freddy@Freddy-PC MINGW64 ~/Desktop/uagrm (master)
$ git add .

Freddy@Freddy-PC MINGW64 ~/Desktop/uagrm (master)
$ git status
On branch master
Changes to be committed:
  (use "git reset HEAD <file>..." to unstage)

        new file:   wasspa - copia (2).txt
        new file:   wasspa - copia (3).txt
        new file:   wasspa - copia.txt


Freddy@Freddy-PC MINGW64 ~/Desktop/uagrm (master)
$
